version: '3.4'
services:
  app:
    build:
      context: .
      network: host
    container_name: test_output_mysql
    env_file:
      - .env
    ports:
      - "${APPLICATION_PORT}:${APPLICATION_PORT}"
    volumes:
      - ./:/usr/src/app
