{
  "name": "test-output-javascript-mongodb",
  "version": "0.0.1",
  "private": true,
  "scripts": {
    "start": "node ./index.js",
    "start:watch": "nodemon --exec yarn start"
  },
  "nodemonConfig": {
    "ignore": [
      "./forestadmin-schema.json"
    ]
  },
  "dependencies": {
    "dotenv": "^16.0.1",
    "@forestadmin/agent": "^1.0.0",
    "@forestadmin/datasource-mongoose": "^1.0.0",
    "mongoose": "^6.10.3"
  },
  "devDependencies": {
    "nodemon": "^2.0.12"
  }
}
