{
  "name": "test-output-typescript-mongodb",
  "version": "0.0.1",
  "private": true,
  "scripts": {
    "build": "tsc",
    "start": "node ./dist/index.js",
    "start:watch": "nodemon ./index.ts"
  },
  "nodemonConfig": {
    "ignore": [
      "./forestadmin-schema.json",
      "./typings.ts"
    ]
  },
  "dependencies": {
    "dotenv": "^16.0.1",
    "@forestadmin/agent": "^1.0.0",
    "@forestadmin/datasource-mongo": "^1.0.0"
  },
  "devDependencies": {
    "nodemon": "^2.0.12",
    "typescript": "^4.9.4",
    "ts-node": "^10.9.1"
  }
}
