{
  "name": "test-output-postgres",
  "version": "0.0.1",
  "private": true,
  "main": "index.js",
  "scripts": {
    "start:watch": "nodemon",
    "start": "node ./index.js"
  },
  "nodemonConfig": {
    "ignore": [
      "./forestadmin-schema.json"
    ]
  },
  "dependencies": {
    "dotenv": "^16.0.1",
    "@forestadmin/agent": "^1.0.0",
    "@forestadmin/datasource-sql": "^1.0.0",
    "pg": "~8.2.2",
    "pg-hstore": "~2.3.4"
  },
  "devDependencies": {
    "nodemon": "^2.0.12"
  }
}
