{
  "name": "test-output-javascript-mssql",
  "version": "0.0.1",
  "private": true,
  "scripts": {
    "start": "node ./index.js",
    "start:watch": "nodemon ./index.js"
  },
  "nodemonConfig": {
    "ignore": [
      "./forestadmin-schema.json"
    ]
  },
  "dependencies": {
    "dotenv": "^16.0.1",
    "@forestadmin/agent": "^1.0.0",
    "@forestadmin/datasource-sql": "^1.0.0",
    "tedious": "^16.7.1"
  },
  "devDependencies": {
    "nodemon": "^2.0.12"
  }
}
